Release 14.7 - xst P.20131013 (lin)
Copyright (c) 1995-2013 Xilinx, Inc.  All rights reserved.
--> 
Parameter TMPDIR set to xst/projnav.tmp


Total REAL time to Xst completion: 0.00 secs
Total CPU time to Xst completion: 0.12 secs
 
--> 
Parameter xsthdpdir set to xst


Total REAL time to Xst completion: 0.00 secs
Total CPU time to Xst completion: 0.13 secs
 
--> 
Reading design: VGA_ent.prj

TABLE OF CONTENTS
  1) Synthesis Options Summary
  2) HDL Compilation
  3) Design Hierarchy Analysis
  4) HDL Analysis
  5) HDL Synthesis
     5.1) HDL Synthesis Report
  6) Advanced HDL Synthesis
     6.1) Advanced HDL Synthesis Report
  7) Low Level Synthesis
  8) Partition Report
  9) Final Report
	9.1) Device utilization summary
	9.2) Partition Resource Summary
	9.3) TIMING REPORT


=========================================================================
*                      Synthesis Options Summary                        *
=========================================================================
---- Source Parameters
Input File Name                    : "VGA_ent.prj"
Input Format                       : mixed
Ignore Synthesis Constraint File   : NO

---- Target Parameters
Output File Name                   : "VGA_ent"
Output Format                      : NGC
Target Device                      : xc3sd1800a-4-fg676

---- Source Options
Top Module Name                    : VGA_ent
Automatic FSM Extraction           : YES
FSM Encoding Algorithm             : Auto
Safe Implementation                : No
FSM Style                          : LUT
RAM Extraction                     : Yes
RAM Style                          : Auto
ROM Extraction                     : Yes
Mux Style                          : Auto
Decoder Extraction                 : YES
Priority Encoder Extraction        : Yes
Shift Register Extraction          : YES
Logical Shifter Extraction         : YES
XOR Collapsing                     : YES
ROM Style                          : Auto
Mux Extraction                     : Yes
Resource Sharing                   : YES
Asynchronous To Synchronous        : NO
Use DSP Block                      : Auto
Automatic Register Balancing       : No

---- Target Options
Add IO Buffers                     : YES
Global Maximum Fanout              : 100000
Add Generic Clock Buffer(BUFG)     : 24
Register Duplication               : YES
Slice Packing                      : YES
Optimize Instantiated Primitives   : NO
Use Clock Enable                   : Yes
Use Synchronous Set                : Yes
Use Synchronous Reset              : Yes
Pack IO Registers into IOBs        : Auto
Equivalent register Removal        : YES

---- General Options
Optimization Goal                  : Speed
Optimization Effort                : 1
Keep Hierarchy                     : No
Netlist Hierarchy                  : As_Optimized
RTL Output                         : Yes
Global Optimization                : AllClockNets
Read Cores                         : YES
Write Timing Constraints           : NO
Cross Clock Analysis               : NO
Hierarchy Separator                : /
Bus Delimiter                      : <>
Case Specifier                     : Maintain
Slice Utilization Ratio            : 100
BRAM Utilization Ratio             : 100
DSP48 Utilization Ratio            : 100
Verilog 2001                       : YES
Auto BRAM Packing                  : NO
Slice Utilization Ratio Delta      : 5

=========================================================================


=========================================================================
*                          HDL Compilation                              *
=========================================================================
Compiling vhdl file "/home/capplab10/Schreibtisch/bpti/sheet2/VGA/hsync_ent.vhd" in Library work.
Architecture hsync_behav of Entity hsync_ent is up to date.
Compiling vhdl file "/home/capplab10/Schreibtisch/bpti/sheet2/VGA/vsync_ent.vhd" in Library work.
Architecture vsync_behav of Entity vsync_ent is up to date.
Compiling vhdl file "/home/capplab10/Schreibtisch/bpti/sheet2/VGA/sync_gen.vhd" in Library work.
Architecture sync_gen_struct of Entity sync_gen_ent is up to date.
Compiling vhdl file "/home/capplab10/Schreibtisch/bpti/sheet2/VGA/pixel_gen.vhd" in Library work.
Entity <pixel_gen_ent> compiled.
Entity <pixel_gen_ent> (Architecture <pixel_gen_behav>) compiled.
Compiling vhdl file "/home/capplab10/Schreibtisch/bpti/sheet2/VGA/rgb_assign_ent.vhd" in Library work.
Architecture rgb_assign_behav of Entity rgb_assign_ent is up to date.
Compiling vhdl file "/home/capplab10/Schreibtisch/bpti/sheet2/VGA/VGA.vhd" in Library work.
Architecture vga_struct of Entity vga_ent is up to date.

=========================================================================
*                     Design Hierarchy Analysis                         *
=========================================================================
Analyzing hierarchy for entity <VGA_ent> in library <work> (architecture <vga_struct>).

Analyzing hierarchy for entity <sync_gen_ent> in library <work> (architecture <sync_gen_struct>).

Analyzing hierarchy for entity <pixel_gen_ent> in library <work> (architecture <pixel_gen_behav>).

Analyzing hierarchy for entity <rgb_assign_ent> in library <work> (architecture <rgb_assign_behav>).

Analyzing hierarchy for entity <hsync_ent> in library <work> (architecture <hsync_behav>).

Analyzing hierarchy for entity <vsync_ent> in library <work> (architecture <vsync_behav>).


=========================================================================
*                            HDL Analysis                               *
=========================================================================
Analyzing Entity <VGA_ent> in library <work> (Architecture <vga_struct>).
Entity <VGA_ent> analyzed. Unit <VGA_ent> generated.

Analyzing Entity <sync_gen_ent> in library <work> (Architecture <sync_gen_struct>).
Entity <sync_gen_ent> analyzed. Unit <sync_gen_ent> generated.

Analyzing Entity <hsync_ent> in library <work> (Architecture <hsync_behav>).
Entity <hsync_ent> analyzed. Unit <hsync_ent> generated.

Analyzing Entity <vsync_ent> in library <work> (Architecture <vsync_behav>).
Entity <vsync_ent> analyzed. Unit <vsync_ent> generated.

Analyzing Entity <pixel_gen_ent> in library <work> (Architecture <pixel_gen_behav>).
Entity <pixel_gen_ent> analyzed. Unit <pixel_gen_ent> generated.

Analyzing Entity <rgb_assign_ent> in library <work> (Architecture <rgb_assign_behav>).
Entity <rgb_assign_ent> analyzed. Unit <rgb_assign_ent> generated.


=========================================================================
*                           HDL Synthesis                               *
=========================================================================

Performing bidirectional port resolution...
WARNING:Xst:51 - Detected potential name conflict between port <green_assign> and port <green_assign_0> in unit <rgb_assign_ent>. Port <green_assign_0> is renamed to <green_assign_0_ren>, changing the interface of this block. Please update your source code accordingly or choose a different name.
WARNING:Xst:51 - Detected potential name conflict between port <green_assign> and port <green_assign_1> in unit <rgb_assign_ent>. Port <green_assign_1> is renamed to <green_assign_1_ren>, changing the interface of this block. Please update your source code accordingly or choose a different name.
WARNING:Xst:51 - Detected potential name conflict between port <green_assign> and port <green_assign_2> in unit <rgb_assign_ent>. Port <green_assign_2> is renamed to <green_assign_2_ren>, changing the interface of this block. Please update your source code accordingly or choose a different name.
WARNING:Xst:51 - Detected potential name conflict between port <green_assign> and port <green_assign_3> in unit <rgb_assign_ent>. Port <green_assign_3> is renamed to <green_assign_3_ren>, changing the interface of this block. Please update your source code accordingly or choose a different name.
WARNING:Xst:51 - Detected potential name conflict between port <blue_assign> and port <blue_assign_0> in unit <rgb_assign_ent>. Port <blue_assign_0> is renamed to <blue_assign_0_ren>, changing the interface of this block. Please update your source code accordingly or choose a different name.
WARNING:Xst:51 - Detected potential name conflict between port <blue_assign> and port <blue_assign_1> in unit <rgb_assign_ent>. Port <blue_assign_1> is renamed to <blue_assign_1_ren>, changing the interface of this block. Please update your source code accordingly or choose a different name.
WARNING:Xst:51 - Detected potential name conflict between port <blue_assign> and port <blue_assign_2> in unit <rgb_assign_ent>. Port <blue_assign_2> is renamed to <blue_assign_2_ren>, changing the interface of this block. Please update your source code accordingly or choose a different name.
WARNING:Xst:51 - Detected potential name conflict between port <blue_assign> and port <blue_assign_3> in unit <rgb_assign_ent>. Port <blue_assign_3> is renamed to <blue_assign_3_ren>, changing the interface of this block. Please update your source code accordingly or choose a different name.
WARNING:Xst:51 - Detected potential name conflict between port <red_assign> and port <red_assign_0> in unit <rgb_assign_ent>. Port <red_assign_0> is renamed to <red_assign_0_ren>, changing the interface of this block. Please update your source code accordingly or choose a different name.
WARNING:Xst:51 - Detected potential name conflict between port <red_assign> and port <red_assign_1> in unit <rgb_assign_ent>. Port <red_assign_1> is renamed to <red_assign_1_ren>, changing the interface of this block. Please update your source code accordingly or choose a different name.
WARNING:Xst:51 - Detected potential name conflict between port <red_assign> and port <red_assign_2> in unit <rgb_assign_ent>. Port <red_assign_2> is renamed to <red_assign_2_ren>, changing the interface of this block. Please update your source code accordingly or choose a different name.
WARNING:Xst:51 - Detected potential name conflict between port <red_assign> and port <red_assign_3> in unit <rgb_assign_ent>. Port <red_assign_3> is renamed to <red_assign_3_ren>, changing the interface of this block. Please update your source code accordingly or choose a different name.

Synthesizing Unit <pixel_gen_ent>.
    Related source file is "/home/capplab10/Schreibtisch/bpti/sheet2/VGA/pixel_gen.vhd".
    Register <green> equivalent to <blue> has been removed
    Register <red> equivalent to <blue> has been removed
WARNING:Xst:737 - Found 4-bit latch for signal <blue>. Latches may be generated from incomplete case or if statements. We do not recommend the use of latches in FPGA/CPLD designs, as they may lead to timing problems.
Unit <pixel_gen_ent> synthesized.


Synthesizing Unit <rgb_assign_ent>.
    Related source file is "/home/capplab10/Schreibtisch/bpti/sheet2/VGA/rgb_assign_ent.vhd".
Unit <rgb_assign_ent> synthesized.


Synthesizing Unit <hsync_ent>.
    Related source file is "/home/capplab10/Schreibtisch/bpti/sheet2/VGA/hsync_ent.vhd".
    Found 10-bit register for signal <col_hsync>.
    Found 1-bit register for signal <hsync_out>.
    Found 10-bit up counter for signal <cnt_col>.
    Found 10-bit comparator greatequal for signal <cnt_col$cmp_ge0000> created at line 34.
    Found 10-bit comparator lessequal for signal <cnt_col$cmp_le0000> created at line 34.
    Found 10-bit register for signal <cnt_high>.
    Found 10-bit adder for signal <cnt_high$add0000> created at line 47.
    Found 7-bit up counter for signal <cnt_low>.
    Found 10-bit adder for signal <col_hsync$addsub0000> created at line 36.
    Found 10-bit comparator greater for signal <col_hsync$cmp_gt0000> created at line 34.
    Found 10-bit comparator less for signal <col_hsync$cmp_lt0000> created at line 34.
    Found 1-bit register for signal <toggle_cnt>.
    Summary:
	inferred   2 Counter(s).
	inferred   2 D-type flip-flop(s).
	inferred   2 Adder/Subtractor(s).
	inferred   4 Comparator(s).
Unit <hsync_ent> synthesized.


Synthesizing Unit <vsync_ent>.
    Related source file is "/home/capplab10/Schreibtisch/bpti/sheet2/VGA/vsync_ent.vhd".
    Found 1-bit register for signal <vsync_out>.
    Found 9-bit register for signal <row_vsync>.
    Found 10-bit up counter for signal <cnt_high>.
    Found 9-bit up counter for signal <cnt_row>.
    Found 10-bit comparator greater for signal <cnt_row$cmp_gt0000> created at line 31.
    Found 10-bit comparator lessequal for signal <cnt_row$cmp_le0000> created at line 31.
    Found 1-bit register for signal <next_0>.
    Summary:
	inferred   2 Counter(s).
	inferred   2 D-type flip-flop(s).
	inferred   2 Comparator(s).
Unit <vsync_ent> synthesized.


Synthesizing Unit <sync_gen_ent>.
    Related source file is "/home/capplab10/Schreibtisch/bpti/sheet2/VGA/sync_gen.vhd".
Unit <sync_gen_ent> synthesized.


Synthesizing Unit <VGA_ent>.
    Related source file is "/home/capplab10/Schreibtisch/bpti/sheet2/VGA/VGA.vhd".
Unit <VGA_ent> synthesized.


=========================================================================
HDL Synthesis Report

Macro Statistics
# Adders/Subtractors                                   : 2
 10-bit adder                                          : 2
# Counters                                             : 4
 10-bit up counter                                     : 2
 7-bit up counter                                      : 1
 9-bit up counter                                      : 1
# Registers                                            : 7
 1-bit register                                        : 4
 10-bit register                                       : 2
 9-bit register                                        : 1
# Latches                                              : 1
 4-bit latch                                           : 1
# Comparators                                          : 6
 10-bit comparator greatequal                          : 1
 10-bit comparator greater                             : 2
 10-bit comparator less                                : 1
 10-bit comparator lessequal                           : 2

=========================================================================

=========================================================================
*                       Advanced HDL Synthesis                          *
=========================================================================

WARNING:Xst:1710 - FF/Latch <0> (without init value) has a constant value of 0 in block <0>. This FF/Latch will be trimmed during the optimization process.
WARNING:Xst:1710 - FF/Latch <0> (without init value) has a constant value of 0 in block <1>. This FF/Latch will be trimmed during the optimization process.

=========================================================================
Advanced HDL Synthesis Report

Macro Statistics
# Adders/Subtractors                                   : 2
 10-bit adder                                          : 2
# Counters                                             : 4
 10-bit up counter                                     : 2
 7-bit up counter                                      : 1
 9-bit up counter                                      : 1
# Registers                                            : 33
 Flip-Flops                                            : 33
# Latches                                              : 1
 4-bit latch                                           : 1
# Comparators                                          : 6
 10-bit comparator greatequal                          : 1
 10-bit comparator greater                             : 2
 10-bit comparator less                                : 1
 10-bit comparator lessequal                           : 2

=========================================================================

=========================================================================
*                         Low Level Synthesis                           *
=========================================================================
INFO:Xst:2261 - The FF/Latch <blue_2> in Unit <pixel_gen_ent> is equivalent to the following FF/Latch, which will be removed : <blue_3> 
INFO:Xst:2261 - The FF/Latch <blue_0> in Unit <pixel_gen_ent> is equivalent to the following FF/Latch, which will be removed : <blue_1> 
WARNING:Xst:1710 - FF/Latch <blue_0> (without init value) has a constant value of 0 in block <pixel_gen_ent>. This FF/Latch will be trimmed during the optimization process.

Optimizing unit <VGA_ent> ...

Optimizing unit <hsync_ent> ...

Optimizing unit <vsync_ent> ...

Mapping all equations...
Building and optimizing final netlist ...
Found area constraint ratio of 100 (+ 5) on block VGA_ent, actual ratio is 0.
Latch pixel/blue_2 has been replicated 5 time(s) to handle iob=true attribute.

Final Macro Processing ...

=========================================================================
Final Register Report

Macro Statistics
# Registers                                            : 69
 Flip-Flops                                            : 69

=========================================================================

=========================================================================
*                           Partition Report                            *
=========================================================================

Partition Implementation Status
-------------------------------

  No Partitions were found in this design.

-------------------------------

=========================================================================
*                            Final Report                               *
=========================================================================
Final Results
RTL Top Level Output File Name     : VGA_ent.ngr
Top Level Output File Name         : VGA_ent
Output Format                      : NGC
Optimization Goal                  : Speed
Keep Hierarchy                     : No

Design Statistics
# IOs                              : 16

Cell Usage :
# BELS                             : 235
#      GND                         : 1
#      INV                         : 8
#      LUT1                        : 41
#      LUT2                        : 33
#      LUT2_L                      : 2
#      LUT3                        : 10
#      LUT3_D                      : 1
#      LUT3_L                      : 2
#      LUT4                        : 35
#      LUT4_D                      : 2
#      LUT4_L                      : 2
#      MUXCY                       : 44
#      MUXF5                       : 4
#      VCC                         : 1
#      XORCY                       : 49
# FlipFlops/Latches                : 75
#      FDC                         : 8
#      FDCE                        : 36
#      FDE                         : 19
#      FDP                         : 3
#      FDPE                        : 3
#      LD                          : 6
# Clock Buffers                    : 2
#      BUFG                        : 1
#      BUFGP                       : 1
# IO Buffers                       : 15
#      IBUF                        : 1
#      OBUF                        : 14
=========================================================================

Device utilization summary:
---------------------------

Selected Device : 3sd1800afg676-4 

 Number of Slices:                       76  out of  16640     0%  
 Number of Slice Flip Flops:             69  out of  33280     0%  
 Number of 4 input LUTs:                136  out of  33280     0%  
 Number of IOs:                          16
 Number of bonded IOBs:                  16  out of    519     3%  
    IOB Flip Flops:                       6
 Number of GCLKs:                         2  out of     24     8%  

---------------------------
Partition Resource Summary:
---------------------------

  No Partitions were found in this design.

---------------------------


=========================================================================
TIMING REPORT

NOTE: THESE TIMING NUMBERS ARE ONLY A SYNTHESIS ESTIMATE.
      FOR ACCURATE TIMING INFORMATION PLEASE REFER TO THE TRACE REPORT
      GENERATED AFTER PLACE-and-ROUTE.

Clock Information:
------------------
------------------------------------------+------------------------+-------+
Clock Signal                              | Clock buffer(FF name)  | Load  |
------------------------------------------+------------------------+-------+
pixel/blue_not0000(pixel/blue_not000016:O)| NONE(*)(pixel/blue_2)  | 6     |
clk                                       | BUFGP                  | 39    |
sync/hsync/hsync_out1                     | BUFG                   | 30    |
------------------------------------------+------------------------+-------+
(*) This 1 clock signal(s) are generated by combinatorial logic,
and XST is not able to identify which are the primary clock signals.
Please use the CLOCK_SIGNAL constraint to specify the clock signal(s) generated by combinatorial logic.
INFO:Xst:2169 - HDL ADVISOR - Some clock signals were not automatically buffered by XST with BUFG/BUFR resources. Please use the buffer_type constraint in order to insert these buffers to the clock signals to help prevent skew problems.

Asynchronous Control Signals Information:
----------------------------------------
--------------------------------------------------------------------+----------------------------+-------+
Control Signal                                                      | Buffer(FF name)            | Load  |
--------------------------------------------------------------------+----------------------------+-------+
sync/hsync/cnt_high_Acst_inv(sync/vsync/row_vsync_Acst_inv1_INV_0:O)| NONE(sync/hsync/cnt_high_0)| 50    |
--------------------------------------------------------------------+----------------------------+-------+

Timing Summary:
---------------
Speed Grade: -4

   Minimum period: 6.178ns (Maximum Frequency: 161.865MHz)
   Minimum input arrival time before clock: 4.403ns
   Maximum output required time after clock: 5.668ns
   Maximum combinational path delay: No path found

Timing Detail:
--------------
All values displayed in nanoseconds (ns)

=========================================================================
Timing constraint: Default period analysis for Clock 'clk'
  Clock period: 6.178ns (frequency: 161.865MHz)
  Total number of paths / destination ports: 1032 / 77
-------------------------------------------------------------------------
Delay:               6.178ns (Levels of Logic = 4)
  Source:            sync/hsync/cnt_high_4 (FF)
  Destination:       sync/hsync/cnt_col_9 (FF)
  Source Clock:      clk rising
  Destination Clock: clk rising

  Data Path: sync/hsync/cnt_high_4 to sync/hsync/cnt_col_9
                                Gate     Net
    Cell:in->out      fanout   Delay   Delay  Logical Name (Net Name)
    ----------------------------------------  ------------
     FDCE:C->Q             9   0.591   0.823  sync/hsync/cnt_high_4 (sync/hsync/cnt_high_4)
     LUT4:I3->O            1   0.648   0.452  sync/hsync/cnt_col_and0000211 (sync/hsync/cnt_col_and0000211)
     LUT4:I2->O            1   0.648   0.423  sync/hsync/cnt_col_and0000226 (sync/hsync/cnt_col_and0000226)
     LUT4_D:I3->LO         1   0.648   0.103  sync/hsync/cnt_col_and00002110 (N37)
     LUT4:I3->O           10   0.648   0.882  sync/hsync/cnt_col_and00001 (sync/hsync/cnt_col_and0000)
     FDE:CE                    0.312          sync/hsync/cnt_col_0
    ----------------------------------------
    Total                      6.178ns (3.495ns logic, 2.683ns route)
                                       (56.6% logic, 43.4% route)

=========================================================================
Timing constraint: Default period analysis for Clock 'sync/hsync/hsync_out1'
  Clock period: 5.307ns (frequency: 188.430MHz)
  Total number of paths / destination ports: 349 / 50
-------------------------------------------------------------------------
Delay:               5.307ns (Levels of Logic = 11)
  Source:            sync/vsync/cnt_high_1 (FF)
  Destination:       sync/vsync/cnt_high_9 (FF)
  Source Clock:      sync/hsync/hsync_out1 rising
  Destination Clock: sync/hsync/hsync_out1 rising

  Data Path: sync/vsync/cnt_high_1 to sync/vsync/cnt_high_9
                                Gate     Net
    Cell:in->out      fanout   Delay   Delay  Logical Name (Net Name)
    ----------------------------------------  ------------
     FDCE:C->Q             3   0.591   0.674  sync/vsync/cnt_high_1 (sync/vsync/cnt_high_1)
     LUT1:I0->O            1   0.648   0.000  sync/vsync/Mcount_cnt_high_cy<1>_rt (sync/vsync/Mcount_cnt_high_cy<1>_rt)
     MUXCY:S->O            1   0.632   0.000  sync/vsync/Mcount_cnt_high_cy<1> (sync/vsync/Mcount_cnt_high_cy<1>)
     MUXCY:CI->O           1   0.065   0.000  sync/vsync/Mcount_cnt_high_cy<2> (sync/vsync/Mcount_cnt_high_cy<2>)
     MUXCY:CI->O           1   0.065   0.000  sync/vsync/Mcount_cnt_high_cy<3> (sync/vsync/Mcount_cnt_high_cy<3>)
     MUXCY:CI->O           1   0.065   0.000  sync/vsync/Mcount_cnt_high_cy<4> (sync/vsync/Mcount_cnt_high_cy<4>)
     MUXCY:CI->O           1   0.065   0.000  sync/vsync/Mcount_cnt_high_cy<5> (sync/vsync/Mcount_cnt_high_cy<5>)
     MUXCY:CI->O           1   0.065   0.000  sync/vsync/Mcount_cnt_high_cy<6> (sync/vsync/Mcount_cnt_high_cy<6>)
     MUXCY:CI->O           1   0.065   0.000  sync/vsync/Mcount_cnt_high_cy<7> (sync/vsync/Mcount_cnt_high_cy<7>)
     MUXCY:CI->O           0   0.065   0.000  sync/vsync/Mcount_cnt_high_cy<8> (sync/vsync/Mcount_cnt_high_cy<8>)
     XORCY:CI->O           1   0.844   0.563  sync/vsync/Mcount_cnt_high_xor<9> (sync/vsync/Result<9>)
     LUT2:I0->O            1   0.648   0.000  sync/vsync/Mcount_cnt_high_eqn_91 (sync/vsync/Mcount_cnt_high_eqn_9)
     FDCE:D                    0.252          sync/vsync/cnt_high_9
    ----------------------------------------
    Total                      5.307ns (4.070ns logic, 1.237ns route)
                                       (76.7% logic, 23.3% route)

=========================================================================
Timing constraint: Default OFFSET IN BEFORE for Clock 'clk'
  Total number of paths / destination ports: 10 / 10
-------------------------------------------------------------------------
Offset:              3.365ns (Levels of Logic = 2)
  Source:            rst (PAD)
  Destination:       sync/hsync/cnt_col_9 (FF)
  Destination Clock: clk rising

  Data Path: rst to sync/hsync/cnt_col_9
                                Gate     Net
    Cell:in->out      fanout   Delay   Delay  Logical Name (Net Name)
    ----------------------------------------  ------------
     IBUF:I->O             3   0.849   0.674  rst_IBUF (rst_IBUF)
     LUT4:I0->O           10   0.648   0.882  sync/hsync/cnt_col_and00001 (sync/hsync/cnt_col_and0000)
     FDE:CE                    0.312          sync/hsync/cnt_col_0
    ----------------------------------------
    Total                      3.365ns (1.809ns logic, 1.556ns route)
                                       (53.8% logic, 46.2% route)

=========================================================================
Timing constraint: Default OFFSET IN BEFORE for Clock 'sync/hsync/hsync_out1'
  Total number of paths / destination ports: 9 / 9
-------------------------------------------------------------------------
Offset:              4.403ns (Levels of Logic = 3)
  Source:            rst (PAD)
  Destination:       sync/vsync/cnt_row_8 (FF)
  Destination Clock: sync/hsync/hsync_out1 rising

  Data Path: rst to sync/vsync/cnt_row_8
                                Gate     Net
    Cell:in->out      fanout   Delay   Delay  Logical Name (Net Name)
    ----------------------------------------  ------------
     IBUF:I->O             3   0.849   0.563  rst_IBUF (rst_IBUF)
     LUT3:I2->O            1   0.648   0.563  sync/vsync/cnt_row_and000079 (sync/vsync/cnt_row_and000079)
     LUT3:I0->O            9   0.648   0.820  sync/vsync/cnt_row_and000081 (sync/vsync/cnt_row_and0000)
     FDE:CE                    0.312          sync/vsync/cnt_row_0
    ----------------------------------------
    Total                      4.403ns (2.457ns logic, 1.946ns route)
                                       (55.8% logic, 44.2% route)

=========================================================================
Timing constraint: Default OFFSET OUT AFTER for Clock 'sync/hsync/hsync_out1'
  Total number of paths / destination ports: 1 / 1
-------------------------------------------------------------------------
Offset:              5.531ns (Levels of Logic = 1)
  Source:            sync/vsync/vsync_out (FF)
  Destination:       vsync (PAD)
  Source Clock:      sync/hsync/hsync_out1 rising

  Data Path: sync/vsync/vsync_out to vsync
                                Gate     Net
    Cell:in->out      fanout   Delay   Delay  Logical Name (Net Name)
    ----------------------------------------  ------------
     FDP:C->Q              1   0.591   0.420  sync/vsync/vsync_out (sync/vsync/vsync_out)
     OBUF:I->O                 4.520          vsync_OBUF (vsync)
    ----------------------------------------
    Total                      5.531ns (5.111ns logic, 0.420ns route)
                                       (92.4% logic, 7.6% route)

=========================================================================
Timing constraint: Default OFFSET OUT AFTER for Clock 'pixel/blue_not0000'
  Total number of paths / destination ports: 6 / 6
-------------------------------------------------------------------------
Offset:              5.668ns (Levels of Logic = 1)
  Source:            pixel/blue_2_1 (LATCH)
  Destination:       blue_2 (PAD)
  Source Clock:      pixel/blue_not0000 falling

  Data Path: pixel/blue_2_1 to blue_2
                                Gate     Net
    Cell:in->out      fanout   Delay   Delay  Logical Name (Net Name)
    ----------------------------------------  ------------
     LD:G->Q               1   0.728   0.420  pixel/blue_2_1 (pixel/blue_2_1)
     OBUF:I->O                 4.520          blue_2_OBUF (blue_2)
    ----------------------------------------
    Total                      5.668ns (5.248ns logic, 0.420ns route)
                                       (92.6% logic, 7.4% route)

=========================================================================
Timing constraint: Default OFFSET OUT AFTER for Clock 'clk'
  Total number of paths / destination ports: 1 / 1
-------------------------------------------------------------------------
Offset:              5.558ns (Levels of Logic = 1)
  Source:            sync/hsync/hsync_out (FF)
  Destination:       hsync (PAD)
  Source Clock:      clk rising

  Data Path: sync/hsync/hsync_out to hsync
                                Gate     Net
    Cell:in->out      fanout   Delay   Delay  Logical Name (Net Name)
    ----------------------------------------  ------------
     FDP:C->Q              2   0.591   0.447  sync/hsync/hsync_out (sync/hsync/hsync_out1)
     OBUF:I->O                 4.520          hsync_OBUF (hsync)
    ----------------------------------------
    Total                      5.558ns (5.111ns logic, 0.447ns route)
                                       (92.0% logic, 8.0% route)

=========================================================================


Total REAL time to Xst completion: 17.00 secs
Total CPU time to Xst completion: 16.05 secs
 
--> 


Total memory usage is 173076 kilobytes

Number of errors   :    0 (   0 filtered)
Number of warnings :   16 (   0 filtered)
Number of infos    :    3 (   0 filtered)

