Release 14.7 - xst P.20131013 (lin)
Copyright (c) 1995-2013 Xilinx, Inc.  All rights reserved.
--> 
Parameter TMPDIR set to xst/projnav.tmp


Total REAL time to Xst completion: 0.00 secs
Total CPU time to Xst completion: 0.13 secs
 
--> 
Parameter xsthdpdir set to xst


Total REAL time to Xst completion: 0.00 secs
Total CPU time to Xst completion: 0.13 secs
 
--> 
Reading design: led_ent.prj

TABLE OF CONTENTS
  1) Synthesis Options Summary
  2) HDL Compilation
  3) Design Hierarchy Analysis
  4) HDL Analysis
  5) HDL Synthesis
     5.1) HDL Synthesis Report
  6) Advanced HDL Synthesis
     6.1) Advanced HDL Synthesis Report
  7) Low Level Synthesis
  8) Partition Report
  9) Final Report
	9.1) Device utilization summary
	9.2) Partition Resource Summary
	9.3) TIMING REPORT


=========================================================================
*                      Synthesis Options Summary                        *
=========================================================================
---- Source Parameters
Input File Name                    : "led_ent.prj"
Input Format                       : mixed
Ignore Synthesis Constraint File   : NO

---- Target Parameters
Output File Name                   : "led_ent"
Output Format                      : NGC
Target Device                      : xc3sd1800a-4-fg676

---- Source Options
Top Module Name                    : led_ent
Automatic FSM Extraction           : YES
FSM Encoding Algorithm             : Auto
Safe Implementation                : No
FSM Style                          : LUT
RAM Extraction                     : Yes
RAM Style                          : Auto
ROM Extraction                     : Yes
Mux Style                          : Auto
Decoder Extraction                 : YES
Priority Encoder Extraction        : Yes
Shift Register Extraction          : YES
Logical Shifter Extraction         : YES
XOR Collapsing                     : YES
ROM Style                          : Auto
Mux Extraction                     : Yes
Resource Sharing                   : YES
Asynchronous To Synchronous        : NO
Use DSP Block                      : Auto
Automatic Register Balancing       : No

---- Target Options
Add IO Buffers                     : YES
Global Maximum Fanout              : 100000
Add Generic Clock Buffer(BUFG)     : 24
Register Duplication               : YES
Slice Packing                      : YES
Optimize Instantiated Primitives   : NO
Use Clock Enable                   : Yes
Use Synchronous Set                : Yes
Use Synchronous Reset              : Yes
Pack IO Registers into IOBs        : Auto
Equivalent register Removal        : YES

---- General Options
Optimization Goal                  : Speed
Optimization Effort                : 1
Keep Hierarchy                     : No
Netlist Hierarchy                  : As_Optimized
RTL Output                         : Yes
Global Optimization                : AllClockNets
Read Cores                         : YES
Write Timing Constraints           : NO
Cross Clock Analysis               : NO
Hierarchy Separator                : /
Bus Delimiter                      : <>
Case Specifier                     : Maintain
Slice Utilization Ratio            : 100
BRAM Utilization Ratio             : 100
DSP48 Utilization Ratio            : 100
Verilog 2001                       : YES
Auto BRAM Packing                  : NO
Slice Utilization Ratio Delta      : 5

=========================================================================


=========================================================================
*                          HDL Compilation                              *
=========================================================================
Compiling vhdl file "/home/capplab10/Schreibtisch/bpti/sheet1/task5/set_led_ent.vhd" in Library work.
Architecture behaviour_set_led of Entity set_led_ent is up to date.
Compiling vhdl file "/home/capplab10/Schreibtisch/bpti/sheet1/task2_3_vhd/24_counter.vhd" in Library work.
Entity <counter_ent> compiled.
Entity <counter_ent> (Architecture <behaviour_counter>) compiled.
Compiling vhdl file "/home/capplab10/Schreibtisch/bpti/sheet1/task2_3_vhd/21_not.vhd" in Library work.
Architecture behaviour_not of Entity not_ent is up to date.
Compiling vhdl file "/home/capplab10/Schreibtisch/bpti/sheet1/task5/myDCM2.vhd" in Library work.
Architecture behavioral of Entity mydcm2 is up to date.
Compiling vhdl file "/home/capplab10/Schreibtisch/bpti/sheet1/task5/led_test.vhd" in Library work.
Architecture struct_led of Entity led_ent is up to date.

=========================================================================
*                     Design Hierarchy Analysis                         *
=========================================================================
Analyzing hierarchy for entity <led_ent> in library <work> (architecture <struct_led>).

Analyzing hierarchy for entity <set_led_ent> in library <work> (architecture <behaviour_set_led>).

Analyzing hierarchy for entity <counter_ent> in library <work> (architecture <behaviour_counter>).

Analyzing hierarchy for entity <not_ent> in library <work> (architecture <behaviour_not>).

Analyzing hierarchy for entity <myDCM2> in library <work> (architecture <behavioral>).


=========================================================================
*                            HDL Analysis                               *
=========================================================================
Analyzing Entity <led_ent> in library <work> (Architecture <struct_led>).
WARNING:Xst:753 - "/home/capplab10/Schreibtisch/bpti/sheet1/task5/led_test.vhd" line 42: Unconnected output port 'CLK0_OUT' of component 'myDCM2'.
WARNING:Xst:753 - "/home/capplab10/Schreibtisch/bpti/sheet1/task5/led_test.vhd" line 42: Unconnected output port 'LOCKED_OUT' of component 'myDCM2'.
WARNING:Xst:753 - "/home/capplab10/Schreibtisch/bpti/sheet1/task5/led_test.vhd" line 42: Unconnected output port 'CLKIN_IBUFG_OUT' of component 'myDCM2'.
Entity <led_ent> analyzed. Unit <led_ent> generated.

Analyzing Entity <set_led_ent> in library <work> (Architecture <behaviour_set_led>).
Entity <set_led_ent> analyzed. Unit <set_led_ent> generated.

Analyzing Entity <counter_ent> in library <work> (Architecture <behaviour_counter>).
ERROR:Xst:827 - "/home/capplab10/Schreibtisch/bpti/sheet1/task2_3_vhd/24_counter.vhd" line 17: Signal b cannot be synthesized, bad synchronous description. The description style you are using to describe a synchronous element (register, memory, etc.) is not supported in the current software release.
--> 


Total memory usage is 173240 kilobytes

Number of errors   :    1 (   0 filtered)
Number of warnings :    3 (   0 filtered)
Number of infos    :    0 (   0 filtered)

