Release 14.7 - xst P.20131013 (lin)
Copyright (c) 1995-2013 Xilinx, Inc.  All rights reserved.
--> 
Parameter TMPDIR set to xst/projnav.tmp


Total REAL time to Xst completion: 0.00 secs
Total CPU time to Xst completion: 0.13 secs
 
--> 
Parameter xsthdpdir set to xst


Total REAL time to Xst completion: 0.00 secs
Total CPU time to Xst completion: 0.14 secs
 
--> 
Reading design: VGA_ent.prj

TABLE OF CONTENTS
  1) Synthesis Options Summary
  2) HDL Compilation
  3) Design Hierarchy Analysis
  4) HDL Analysis
  5) HDL Synthesis
     5.1) HDL Synthesis Report
  6) Advanced HDL Synthesis
     6.1) Advanced HDL Synthesis Report
  7) Low Level Synthesis
  8) Partition Report
  9) Final Report
	9.1) Device utilization summary
	9.2) Partition Resource Summary
	9.3) TIMING REPORT


=========================================================================
*                      Synthesis Options Summary                        *
=========================================================================
---- Source Parameters
Input File Name                    : "VGA_ent.prj"
Input Format                       : mixed
Ignore Synthesis Constraint File   : NO

---- Target Parameters
Output File Name                   : "VGA_ent"
Output Format                      : NGC
Target Device                      : xc3sd1800a-4-fg676

---- Source Options
Top Module Name                    : VGA_ent
Automatic FSM Extraction           : YES
FSM Encoding Algorithm             : Auto
Safe Implementation                : No
FSM Style                          : LUT
RAM Extraction                     : Yes
RAM Style                          : Auto
ROM Extraction                     : Yes
Mux Style                          : Auto
Decoder Extraction                 : YES
Priority Encoder Extraction        : Yes
Shift Register Extraction          : YES
Logical Shifter Extraction         : YES
XOR Collapsing                     : YES
ROM Style                          : Auto
Mux Extraction                     : Yes
Resource Sharing                   : YES
Asynchronous To Synchronous        : NO
Use DSP Block                      : Auto
Automatic Register Balancing       : No

---- Target Options
Add IO Buffers                     : YES
Global Maximum Fanout              : 100000
Add Generic Clock Buffer(BUFG)     : 24
Register Duplication               : YES
Slice Packing                      : YES
Optimize Instantiated Primitives   : NO
Use Clock Enable                   : Yes
Use Synchronous Set                : Yes
Use Synchronous Reset              : Yes
Pack IO Registers into IOBs        : Auto
Equivalent register Removal        : YES

---- General Options
Optimization Goal                  : Speed
Optimization Effort                : 1
Keep Hierarchy                     : No
Netlist Hierarchy                  : As_Optimized
RTL Output                         : Yes
Global Optimization                : AllClockNets
Read Cores                         : YES
Write Timing Constraints           : NO
Cross Clock Analysis               : NO
Hierarchy Separator                : /
Bus Delimiter                      : <>
Case Specifier                     : Maintain
Slice Utilization Ratio            : 100
BRAM Utilization Ratio             : 100
DSP48 Utilization Ratio            : 100
Verilog 2001                       : YES
Auto BRAM Packing                  : NO
Slice Utilization Ratio Delta      : 5

=========================================================================


=========================================================================
*                          HDL Compilation                              *
=========================================================================
Compiling vhdl file "/home/capplab10/Schreibtisch/bpti/sheet2/abgabe/task2/hsync_ent.vhd" in Library work.
Architecture hsync_behav of Entity hsync_ent is up to date.
Compiling vhdl file "/home/capplab10/Schreibtisch/bpti/sheet2/abgabe/task2/vsync_ent.vhd" in Library work.
Architecture vsync_behav of Entity vsync_ent is up to date.
Compiling vhdl file "/home/capplab10/Schreibtisch/bpti/sheet2/abgabe/task2/sync_gen.vhd" in Library work.
Architecture sync_gen_struct of Entity sync_gen_ent is up to date.
Compiling vhdl file "/home/capplab10/Schreibtisch/bpti/sheet2/abgabe/task2/pixel_gen.vhd" in Library work.
Entity <pixel_gen_ent> compiled.
Entity <pixel_gen_ent> (Architecture <pixel_gen_behav>) compiled.
Compiling vhdl file "/home/capplab10/Schreibtisch/bpti/sheet2/abgabe/task2/rgb_assign_ent.vhd" in Library work.
Architecture rgb_assign_behav of Entity rgb_assign_ent is up to date.
Compiling vhdl file "/home/capplab10/Schreibtisch/bpti/sheet2/abgabe/task2/VGA.vhd" in Library work.
Architecture vga_struct of Entity vga_ent is up to date.

=========================================================================
*                     Design Hierarchy Analysis                         *
=========================================================================
Analyzing hierarchy for entity <VGA_ent> in library <work> (architecture <vga_struct>).

Analyzing hierarchy for entity <sync_gen_ent> in library <work> (architecture <sync_gen_struct>).

Analyzing hierarchy for entity <pixel_gen_ent> in library <work> (architecture <pixel_gen_behav>).

Analyzing hierarchy for entity <rgb_assign_ent> in library <work> (architecture <rgb_assign_behav>).

Analyzing hierarchy for entity <hsync_ent> in library <work> (architecture <hsync_behav>).

Analyzing hierarchy for entity <vsync_ent> in library <work> (architecture <vsync_behav>).


=========================================================================
*                            HDL Analysis                               *
=========================================================================
Analyzing Entity <VGA_ent> in library <work> (Architecture <vga_struct>).
Entity <VGA_ent> analyzed. Unit <VGA_ent> generated.

Analyzing Entity <sync_gen_ent> in library <work> (Architecture <sync_gen_struct>).
Entity <sync_gen_ent> analyzed. Unit <sync_gen_ent> generated.

Analyzing Entity <hsync_ent> in library <work> (Architecture <hsync_behav>).
Entity <hsync_ent> analyzed. Unit <hsync_ent> generated.

Analyzing Entity <vsync_ent> in library <work> (Architecture <vsync_behav>).
Entity <vsync_ent> analyzed. Unit <vsync_ent> generated.

Analyzing Entity <pixel_gen_ent> in library <work> (Architecture <pixel_gen_behav>).
Entity <pixel_gen_ent> analyzed. Unit <pixel_gen_ent> generated.

Analyzing Entity <rgb_assign_ent> in library <work> (Architecture <rgb_assign_behav>).
Entity <rgb_assign_ent> analyzed. Unit <rgb_assign_ent> generated.


=========================================================================
*                           HDL Synthesis                               *
=========================================================================

Performing bidirectional port resolution...
WARNING:Xst:51 - Detected potential name conflict between port <green_assign> and port <green_assign_0> in unit <rgb_assign_ent>. Port <green_assign_0> is renamed to <green_assign_0_ren>, changing the interface of this block. Please update your source code accordingly or choose a different name.
WARNING:Xst:51 - Detected potential name conflict between port <green_assign> and port <green_assign_1> in unit <rgb_assign_ent>. Port <green_assign_1> is renamed to <green_assign_1_ren>, changing the interface of this block. Please update your source code accordingly or choose a different name.
WARNING:Xst:51 - Detected potential name conflict between port <green_assign> and port <green_assign_2> in unit <rgb_assign_ent>. Port <green_assign_2> is renamed to <green_assign_2_ren>, changing the interface of this block. Please update your source code accordingly or choose a different name.
WARNING:Xst:51 - Detected potential name conflict between port <green_assign> and port <green_assign_3> in unit <rgb_assign_ent>. Port <green_assign_3> is renamed to <green_assign_3_ren>, changing the interface of this block. Please update your source code accordingly or choose a different name.
WARNING:Xst:51 - Detected potential name conflict between port <blue_assign> and port <blue_assign_0> in unit <rgb_assign_ent>. Port <blue_assign_0> is renamed to <blue_assign_0_ren>, changing the interface of this block. Please update your source code accordingly or choose a different name.
WARNING:Xst:51 - Detected potential name conflict between port <blue_assign> and port <blue_assign_1> in unit <rgb_assign_ent>. Port <blue_assign_1> is renamed to <blue_assign_1_ren>, changing the interface of this block. Please update your source code accordingly or choose a different name.
WARNING:Xst:51 - Detected potential name conflict between port <blue_assign> and port <blue_assign_2> in unit <rgb_assign_ent>. Port <blue_assign_2> is renamed to <blue_assign_2_ren>, changing the interface of this block. Please update your source code accordingly or choose a different name.
WARNING:Xst:51 - Detected potential name conflict between port <blue_assign> and port <blue_assign_3> in unit <rgb_assign_ent>. Port <blue_assign_3> is renamed to <blue_assign_3_ren>, changing the interface of this block. Please update your source code accordingly or choose a different name.
WARNING:Xst:51 - Detected potential name conflict between port <red_assign> and port <red_assign_0> in unit <rgb_assign_ent>. Port <red_assign_0> is renamed to <red_assign_0_ren>, changing the interface of this block. Please update your source code accordingly or choose a different name.
WARNING:Xst:51 - Detected potential name conflict between port <red_assign> and port <red_assign_1> in unit <rgb_assign_ent>. Port <red_assign_1> is renamed to <red_assign_1_ren>, changing the interface of this block. Please update your source code accordingly or choose a different name.
WARNING:Xst:51 - Detected potential name conflict between port <red_assign> and port <red_assign_2> in unit <rgb_assign_ent>. Port <red_assign_2> is renamed to <red_assign_2_ren>, changing the interface of this block. Please update your source code accordingly or choose a different name.
WARNING:Xst:51 - Detected potential name conflict between port <red_assign> and port <red_assign_3> in unit <rgb_assign_ent>. Port <red_assign_3> is renamed to <red_assign_3_ren>, changing the interface of this block. Please update your source code accordingly or choose a different name.

Synthesizing Unit <pixel_gen_ent>.
    Related source file is "/home/capplab10/Schreibtisch/bpti/sheet2/abgabe/task2/pixel_gen.vhd".
    Found 10-bit comparator lessequal for signal <blue$cmp_le0000> created at line 31.
    Found 10-bit comparator lessequal for signal <blue$cmp_le0001> created at line 34.
    Summary:
	inferred   2 Comparator(s).
Unit <pixel_gen_ent> synthesized.


Synthesizing Unit <rgb_assign_ent>.
    Related source file is "/home/capplab10/Schreibtisch/bpti/sheet2/abgabe/task2/rgb_assign_ent.vhd".
Unit <rgb_assign_ent> synthesized.


Synthesizing Unit <hsync_ent>.
    Related source file is "/home/capplab10/Schreibtisch/bpti/sheet2/abgabe/task2/hsync_ent.vhd".
    Found 10-bit register for signal <col_hsync>.
    Found 9-bit register for signal <row_hsync>.
    Found 1-bit register for signal <hsync_out>.
    Found 10-bit up counter for signal <cnt_col>.
    Found 10-bit comparator greatequal for signal <cnt_col$cmp_ge0000> created at line 70.
    Found 10-bit comparator greater for signal <cnt_col$cmp_gt0000> created at line 70.
    Found 10-bit comparator less for signal <cnt_col$cmp_lt0000> created at line 70.
    Found 10-bit comparator less for signal <cnt_col$cmp_lt0001> created at line 70.
    Found 10-bit up counter for signal <cnt_high>.
    Found 7-bit up counter for signal <cnt_low>.
    Found 9-bit up counter for signal <cnt_row>.
    Found 10-bit comparator greatequal for signal <cnt_row$cmp_ge0000> created at line 51.
    Found 10-bit register for signal <cnt_times>.
    Found 10-bit adder for signal <cnt_times$addsub0000> created at line 61.
    Found 10-bit adder for signal <col_hsync$addsub0000> created at line 75.
    Found 10-bit comparator greatequal for signal <row_hsync$cmp_ge0000> created at line 73.
    Found 10-bit comparator greatequal for signal <row_hsync$cmp_ge0001> created at line 73.
    Found 10-bit comparator lessequal for signal <row_hsync$cmp_le0000> created at line 73.
    Found 10-bit comparator lessequal for signal <row_hsync$cmp_le0001> created at line 73.
    Found 1-bit register for signal <set_0>.
    Summary:
	inferred   4 Counter(s).
	inferred  11 D-type flip-flop(s).
	inferred   2 Adder/Subtractor(s).
	inferred   9 Comparator(s).
Unit <hsync_ent> synthesized.


Synthesizing Unit <vsync_ent>.
    Related source file is "/home/capplab10/Schreibtisch/bpti/sheet2/abgabe/task2/vsync_ent.vhd".
    Found 1-bit register for signal <vsync_out>.
    Found 10-bit up counter for signal <cnt_high>.
    Found 1-bit register for signal <set_0>.
    Summary:
	inferred   1 Counter(s).
	inferred   2 D-type flip-flop(s).
Unit <vsync_ent> synthesized.


Synthesizing Unit <sync_gen_ent>.
    Related source file is "/home/capplab10/Schreibtisch/bpti/sheet2/abgabe/task2/sync_gen.vhd".
Unit <sync_gen_ent> synthesized.


Synthesizing Unit <VGA_ent>.
    Related source file is "/home/capplab10/Schreibtisch/bpti/sheet2/abgabe/task2/VGA.vhd".
Unit <VGA_ent> synthesized.


=========================================================================
HDL Synthesis Report

Macro Statistics
# Adders/Subtractors                                   : 2
 10-bit adder                                          : 2
# Counters                                             : 5
 10-bit up counter                                     : 3
 7-bit up counter                                      : 1
 9-bit up counter                                      : 1
# Registers                                            : 7
 1-bit register                                        : 4
 10-bit register                                       : 2
 9-bit register                                        : 1
# Comparators                                          : 11
 10-bit comparator greatequal                          : 4
 10-bit comparator greater                             : 1
 10-bit comparator less                                : 2
 10-bit comparator lessequal                           : 4

=========================================================================

=========================================================================
*                       Advanced HDL Synthesis                          *
=========================================================================


=========================================================================
Advanced HDL Synthesis Report

Macro Statistics
# Adders/Subtractors                                   : 2
 10-bit adder                                          : 2
# Counters                                             : 5
 10-bit up counter                                     : 3
 7-bit up counter                                      : 1
 9-bit up counter                                      : 1
# Registers                                            : 33
 Flip-Flops                                            : 33
# Comparators                                          : 11
 10-bit comparator greatequal                          : 4
 10-bit comparator greater                             : 1
 10-bit comparator less                                : 2
 10-bit comparator lessequal                           : 4

=========================================================================

=========================================================================
*                         Low Level Synthesis                           *
=========================================================================

Optimizing unit <VGA_ent> ...

Optimizing unit <vsync_ent> ...

Optimizing unit <hsync_ent> ...

Mapping all equations...
Building and optimizing final netlist ...
Found area constraint ratio of 100 (+ 5) on block VGA_ent, actual ratio is 0.

Final Macro Processing ...

=========================================================================
Final Register Report

Macro Statistics
# Registers                                            : 79
 Flip-Flops                                            : 79

=========================================================================

=========================================================================
*                           Partition Report                            *
=========================================================================

Partition Implementation Status
-------------------------------

  No Partitions were found in this design.

-------------------------------

=========================================================================
*                            Final Report                               *
=========================================================================
Final Results
RTL Top Level Output File Name     : VGA_ent.ngr
Top Level Output File Name         : VGA_ent
Output Format                      : NGC
Optimization Goal                  : Speed
Keep Hierarchy                     : No

Design Statistics
# IOs                              : 16

Cell Usage :
# BELS                             : 337
#      GND                         : 1
#      INV                         : 10
#      LUT1                        : 53
#      LUT2                        : 41
#      LUT2_L                      : 3
#      LUT3                        : 28
#      LUT3_D                      : 1
#      LUT3_L                      : 1
#      LUT4                        : 65
#      LUT4_D                      : 12
#      LUT4_L                      : 3
#      MUXCY                       : 53
#      MUXF5                       : 6
#      VCC                         : 1
#      XORCY                       : 59
# FlipFlops/Latches                : 79
#      FDCE                        : 64
#      FDE                         : 9
#      FDP                         : 2
#      FDPE                        : 4
# Clock Buffers                    : 1
#      BUFGP                       : 1
# IO Buffers                       : 15
#      IBUF                        : 1
#      OBUF                        : 14
=========================================================================

Device utilization summary:
---------------------------

Selected Device : 3sd1800afg676-4 

 Number of Slices:                      120  out of  16640     0%  
 Number of Slice Flip Flops:             79  out of  33280     0%  
 Number of 4 input LUTs:                217  out of  33280     0%  
 Number of IOs:                          16
 Number of bonded IOBs:                  16  out of    519     3%  
 Number of GCLKs:                         1  out of     24     4%  

---------------------------
Partition Resource Summary:
---------------------------

  No Partitions were found in this design.

---------------------------


=========================================================================
TIMING REPORT

NOTE: THESE TIMING NUMBERS ARE ONLY A SYNTHESIS ESTIMATE.
      FOR ACCURATE TIMING INFORMATION PLEASE REFER TO THE TRACE REPORT
      GENERATED AFTER PLACE-and-ROUTE.

Clock Information:
------------------
-----------------------------------+----------------------------+-------+
Clock Signal                       | Clock buffer(FF name)      | Load  |
-----------------------------------+----------------------------+-------+
sync/hsync/hsync_out               | NONE(sync/vsync/cnt_high_9)| 12    |
clk                                | BUFGP                      | 67    |
-----------------------------------+----------------------------+-------+
INFO:Xst:2169 - HDL ADVISOR - Some clock signals were not automatically buffered by XST with BUFG/BUFR resources. Please use the buffer_type constraint in order to insert these buffers to the clock signals to help prevent skew problems.

Asynchronous Control Signals Information:
----------------------------------------
----------------------------------------------------------------+---------------------------+-------+
Control Signal                                                  | Buffer(FF name)           | Load  |
----------------------------------------------------------------+---------------------------+-------+
sync/hsync/cnt_times_Acst_inv(sync/vsync/rst_vsync_inv1_INV_0:O)| NONE(sync/hsync/cnt_col_0)| 70    |
----------------------------------------------------------------+---------------------------+-------+

Timing Summary:
---------------
Speed Grade: -4

   Minimum period: 6.360ns (Maximum Frequency: 157.233MHz)
   Minimum input arrival time before clock: 3.219ns
   Maximum output required time after clock: 13.114ns
   Maximum combinational path delay: No path found

Timing Detail:
--------------
All values displayed in nanoseconds (ns)

=========================================================================
Timing constraint: Default period analysis for Clock 'sync/hsync/hsync_out'
  Clock period: 5.223ns (frequency: 191.461MHz)
  Total number of paths / destination ports: 178 / 23
-------------------------------------------------------------------------
Delay:               5.223ns (Levels of Logic = 11)
  Source:            sync/vsync/cnt_high_1 (FF)
  Destination:       sync/vsync/cnt_high_9 (FF)
  Source Clock:      sync/hsync/hsync_out rising
  Destination Clock: sync/hsync/hsync_out rising

  Data Path: sync/vsync/cnt_high_1 to sync/vsync/cnt_high_9
                                Gate     Net
    Cell:in->out      fanout   Delay   Delay  Logical Name (Net Name)
    ----------------------------------------  ------------
     FDCE:C->Q             2   0.591   0.590  sync/vsync/cnt_high_1 (sync/vsync/cnt_high_1)
     LUT1:I0->O            1   0.648   0.000  sync/vsync/Mcount_cnt_high_cy<1>_rt (sync/vsync/Mcount_cnt_high_cy<1>_rt)
     MUXCY:S->O            1   0.632   0.000  sync/vsync/Mcount_cnt_high_cy<1> (sync/vsync/Mcount_cnt_high_cy<1>)
     MUXCY:CI->O           1   0.065   0.000  sync/vsync/Mcount_cnt_high_cy<2> (sync/vsync/Mcount_cnt_high_cy<2>)
     MUXCY:CI->O           1   0.065   0.000  sync/vsync/Mcount_cnt_high_cy<3> (sync/vsync/Mcount_cnt_high_cy<3>)
     MUXCY:CI->O           1   0.065   0.000  sync/vsync/Mcount_cnt_high_cy<4> (sync/vsync/Mcount_cnt_high_cy<4>)
     MUXCY:CI->O           1   0.065   0.000  sync/vsync/Mcount_cnt_high_cy<5> (sync/vsync/Mcount_cnt_high_cy<5>)
     MUXCY:CI->O           1   0.065   0.000  sync/vsync/Mcount_cnt_high_cy<6> (sync/vsync/Mcount_cnt_high_cy<6>)
     MUXCY:CI->O           1   0.065   0.000  sync/vsync/Mcount_cnt_high_cy<7> (sync/vsync/Mcount_cnt_high_cy<7>)
     MUXCY:CI->O           0   0.065   0.000  sync/vsync/Mcount_cnt_high_cy<8> (sync/vsync/Mcount_cnt_high_cy<8>)
     XORCY:CI->O           1   0.844   0.563  sync/vsync/Mcount_cnt_high_xor<9> (sync/vsync/Result<9>)
     LUT2:I0->O            1   0.648   0.000  sync/vsync/Mcount_cnt_high_eqn_91 (sync/vsync/Mcount_cnt_high_eqn_9)
     FDCE:D                    0.252          sync/vsync/cnt_high_9
    ----------------------------------------
    Total                      5.223ns (4.070ns logic, 1.153ns route)
                                       (77.9% logic, 22.1% route)

=========================================================================
Timing constraint: Default period analysis for Clock 'clk'
  Clock period: 6.360ns (frequency: 157.233MHz)
  Total number of paths / destination ports: 3064 / 133
-------------------------------------------------------------------------
Delay:               6.360ns (Levels of Logic = 3)
  Source:            sync/hsync/cnt_high_0 (FF)
  Destination:       sync/hsync/cnt_col_9 (FF)
  Source Clock:      clk rising
  Destination Clock: clk rising

  Data Path: sync/hsync/cnt_high_0 to sync/hsync/cnt_col_9
                                Gate     Net
    Cell:in->out      fanout   Delay   Delay  Logical Name (Net Name)
    ----------------------------------------  ------------
     FDPE:C->Q             5   0.591   0.776  sync/hsync/cnt_high_0 (sync/hsync/cnt_high_0)
     LUT4:I0->O            1   0.648   0.452  sync/hsync/cnt_row_not00013_SW1 (N18)
     LUT4:I2->O           25   0.648   1.403  sync/hsync/cnt_high_cmp_eq00001 (sync/hsync/cnt_high_cmp_eq0000)
     LUT4:I0->O           10   0.648   0.882  sync/hsync/cnt_col_not0001128 (sync/hsync/cnt_col_not0001)
     FDCE:CE                   0.312          sync/hsync/cnt_col_0
    ----------------------------------------
    Total                      6.360ns (2.847ns logic, 3.513ns route)
                                       (44.8% logic, 55.2% route)

=========================================================================
Timing constraint: Default OFFSET IN BEFORE for Clock 'clk'
  Total number of paths / destination ports: 9 / 9
-------------------------------------------------------------------------
Offset:              3.219ns (Levels of Logic = 2)
  Source:            rst (PAD)
  Destination:       sync/hsync/row_hsync_8 (FF)
  Destination Clock: clk rising

  Data Path: rst to sync/hsync/row_hsync_8
                                Gate     Net
    Cell:in->out      fanout   Delay   Delay  Logical Name (Net Name)
    ----------------------------------------  ------------
     IBUF:I->O             2   0.849   0.590  rst_IBUF (rst_IBUF)
     LUT4:I0->O            9   0.648   0.820  sync/hsync/row_hsync_and00002 (sync/hsync/row_hsync_and0000)
     FDE:CE                    0.312          sync/hsync/row_hsync_0
    ----------------------------------------
    Total                      3.219ns (1.809ns logic, 1.410ns route)
                                       (56.2% logic, 43.8% route)

=========================================================================
Timing constraint: Default OFFSET OUT AFTER for Clock 'sync/hsync/hsync_out'
  Total number of paths / destination ports: 1 / 1
-------------------------------------------------------------------------
Offset:              5.531ns (Levels of Logic = 1)
  Source:            sync/vsync/vsync_out (FF)
  Destination:       vsync (PAD)
  Source Clock:      sync/hsync/hsync_out rising

  Data Path: sync/vsync/vsync_out to vsync
                                Gate     Net
    Cell:in->out      fanout   Delay   Delay  Logical Name (Net Name)
    ----------------------------------------  ------------
     FDP:C->Q              1   0.591   0.420  sync/vsync/vsync_out (sync/vsync/vsync_out)
     OBUF:I->O                 4.520          vsync_OBUF (vsync)
    ----------------------------------------
    Total                      5.531ns (5.111ns logic, 0.420ns route)
                                       (92.4% logic, 7.6% route)

=========================================================================
Timing constraint: Default OFFSET OUT AFTER for Clock 'clk'
  Total number of paths / destination ports: 1097 / 13
-------------------------------------------------------------------------
Offset:              13.114ns (Levels of Logic = 7)
  Source:            sync/hsync/col_hsync_5 (FF)
  Destination:       green_0 (PAD)
  Source Clock:      clk rising

  Data Path: sync/hsync/col_hsync_5 to green_0
                                Gate     Net
    Cell:in->out      fanout   Delay   Delay  Logical Name (Net Name)
    ----------------------------------------  ------------
     FDCE:C->Q             6   0.591   0.812  sync/hsync/col_hsync_5 (sync/hsync/col_hsync_5)
     LUT3:I0->O            1   0.648   0.423  pixel/blue_and000034_SW0 (N28)
     LUT4:I3->O            1   0.648   0.563  pixel/blue_and000034 (pixel/blue_and000034)
     LUT4:I0->O           15   0.648   1.097  pixel/blue_and000048 (pixel/blue_and0000)
     LUT4:I1->O           16   0.643   1.177  pixel/blue<0>2156 (N4)
     LUT4:I0->O            1   0.648   0.000  pixel/green<3>2 (pixel/green<3>1)
     MUXF5:I0->O           1   0.276   0.420  pixel/green<3>_f5 (green_fwd<3>)
     OBUF:I->O                 4.520          green_3_OBUF (green_3)
    ----------------------------------------
    Total                     13.114ns (8.622ns logic, 4.492ns route)
                                       (65.7% logic, 34.3% route)

=========================================================================


Total REAL time to Xst completion: 17.00 secs
Total CPU time to Xst completion: 16.80 secs
 
--> 


Total memory usage is 173848 kilobytes

Number of errors   :    0 (   0 filtered)
Number of warnings :   12 (   0 filtered)
Number of infos    :    1 (   0 filtered)

